> Task :app:preBuild UP-TO-DATE
> Task :app:preDebugBuild UP-TO-DATE
> Task :app:mergeDebugNativeDebugMetadata NO-SOURCE
> Task :app:generateDebugResources UP-TO-DATE
> Task :app:packageDebugResources UP-TO-DATE
> Task :app:processDebugNavigationResources UP-TO-DATE
> Task :app:parseDebugLocalResources UP-TO-DATE
> Task :app:generateDebugRFile UP-TO-DATE
> Task :app:javaPreCompileDebug UP-TO-DATE
> Task :app:generateDebugAssets UP-TO-DATE
> Task :app:mergeDebugAssets UP-TO-DATE
> Task :app:compressDebugAssets UP-TO-DATE
> Task :app:generateDebugGlobalSynthetics UP-TO-DATE
> Task :app:checkDebugDuplicateClasses UP-TO-DATE
> Task :app:desugarDebugFileDependencies UP-TO-DATE
> Task :app:mergeExtDexDebug UP-TO-DATE
> Task :app:mergeLibDexDebug UP-TO-DATE
> Task :app:checkDebugAarMetadata UP-TO-DATE
> Task :app:mapDebugSourceSetPaths UP-TO-DATE
> Task :app:compileDebugNavigationResources UP-TO-DATE
> Task :app:mergeDebugResources UP-TO-DATE
> Task :app:createDebugCompatibleScreenManifests UP-TO-DATE
> Task :app:extractDeepLinksDebug UP-TO-DATE
> Task :app:processDebugMainManifest
> Task :app:processDebugManifest
> Task :app:mergeDebugJniLibFolders UP-TO-DATE
> Task :app:mergeDebugNativeLibs UP-TO-DATE
> Task :app:stripDebugDebugSymbols UP-TO-DATE
> Task :app:validateSigningDebug UP-TO-DATE
> Task :app:writeDebugAppMetadata UP-TO-DATE
> Task :app:writeDebugSigningConfigVersions UP-TO-DATE
> Task :app:processDebugManifestForPackage
> Task :app:processDebugResources

> Task :app:compileDebugKotlin FAILED
.\gradlew.bat : e: file:///D:/APP/Project/rockmacro/app/src/main/java/com/example/rockmacro/ui/BluetoothScreen.kt:21:2 
Unresolved reference 'Composable'.
所在位置 行:1 字符: 30
+ cd D:\APP\Project\rockmacro; .\gradlew.bat assembleDebug 2>&1 | Out-F ...
+                              ~~~~~~~~~~~~~~~~~~~~~~~~~~~~~~~~
    + CategoryInfo          : NotSpecified: (e: file:///D:/A...e 'Composable'.:String) [], RemoteException
    + FullyQualifiedErrorId : NativeCommandError
 
e: file:///D:/APP/Project/rockmacro/app/src/main/java/com/example/rockmacro/ui/BluetoothScreen.kt:22:5 Functions which 
invoke @Composable functions must be marked with the @Composable annotation
e: file:///D:/APP/Project/rockmacro/app/src/main/java/com/example/rockmacro/ui/BluetoothScreen.kt:26:54 @Composable inv
ocations can only happen from the context of a @Composable function
e: file:///D:/APP/Project/rockmacro/app/src/main/java/com/example/rockmacro/ui/BluetoothScreen.kt:27:52 @Composable inv
ocations can only happen from the context of a @Composable function
e: file:///D:/APP/Project/rockmacro/app/src/main/java/com/example/rockmacro/ui/BluetoothScreen.kt:28:50 @Composable inv
ocations can only happen from the context of a @Composable function
e: file:///D:/APP/Project/rockmacro/app/src/main/java/com/example/rockmacro/ui/BluetoothScreen.kt:29:62 @Composable inv
ocations can only happen from the context of a @Composable function
e: file:///D:/APP/Project/rockmacro/app/src/main/java/com/example/rockmacro/ui/BluetoothScreen.kt:30:48 @Composable inv
ocations can only happen from the context of a @Composable function
e: file:///D:/APP/Project/rockmacro/app/src/main/java/com/example/rockmacro/ui/BluetoothScreen.kt:31:40 @Composable inv
ocations can only happen from the context of a @Composable function
e: file:///D:/APP/Project/rockmacro/app/src/main/java/com/example/rockmacro/ui/BluetoothScreen.kt:33:32 @Composable inv
ocations can only happen from the context of a @Composable function
e: file:///D:/APP/Project/rockmacro/app/src/main/java/com/example/rockmacro/ui/BluetoothScreen.kt:34:17 @Composable inv
ocations can only happen from the context of a @Composable function
e: file:///D:/APP/Project/rockmacro/app/src/main/java/com/example/rockmacro/ui/BluetoothScreen.kt:36:32 @Composable inv
ocations can only happen from the context of a @Composable function
e: file:///D:/APP/Project/rockmacro/app/src/main/java/com/example/rockmacro/ui/BluetoothScreen.kt:44:5 @Composable invo
cations can only happen from the context of a @Composable function
e: file:///D:/APP/Project/rockmacro/app/src/main/java/com/example/rockmacro/ui/BluetoothScreen.kt:268:2 Unresolved refe
rence 'Composable'.
e: file:///D:/APP/Project/rockmacro/app/src/main/java/com/example/rockmacro/ui/BluetoothScreen.kt:269:13 Functions whic
h invoke @Composable functions must be marked with the @Composable annotation
e: file:///D:/APP/Project/rockmacro/app/src/main/java/com/example/rockmacro/ui/BluetoothScreen.kt:275:5 @Composable inv
ocations can only happen from the context of a @Composable function

FAILURE: Build failed with an exception.

* What went wrong:
Execution failed for task ':app:compileDebugKotlin'.
> A failure occurred while executing org.jetbrains.kotlin.compilerRunner.GradleCompilerRunnerWithWorkers$GradleKotlinCo
mpilerWorkAction
   > Compilation error. See log for more details

* Try:
> Run with --stacktrace option to get the stack trace.
> Run with --info or --debug option to get more log output.
> Run with --scan to get full insights from a Build Scan (powered by Develocity).
> Get more help at https://help.gradle.org.

BUILD FAILED in 6s
30 actionable tasks: 5 executed, 25 up-to-date
